train rows: 15000
trainable params: 117.7M (FULL FT)
{'loss': 0.7023, 'grad_norm': 0.3794978857040405, 'learning_rate': 2.553191489361702e-06, 'epoch': 0.03}
{'loss': 0.6931, 'grad_norm': 1.4048866033554077, 'learning_rate': 5.212765957446809e-06, 'epoch': 0.05}
{'loss': 0.6966, 'grad_norm': 0.5531055927276611, 'learning_rate': 7.872340425531916e-06, 'epoch': 0.08}
{'loss': 0.6929, 'grad_norm': 1.7084599733352661, 'learning_rate': 1.0531914893617022e-05, 'epoch': 0.11}
{'loss': 0.6937, 'grad_norm': 0.8352470993995667, 'learning_rate': 1.3191489361702127e-05, 'epoch': 0.13}
{'loss': 0.6882, 'grad_norm': 1.4366755485534668, 'learning_rate': 1.5851063829787235e-05, 'epoch': 0.16}
{'loss': 0.6721, 'grad_norm': 1.225508213043213, 'learning_rate': 1.8510638297872342e-05, 'epoch': 0.19}
{'loss': 0.6746, 'grad_norm': 2.9425017833709717, 'learning_rate': 1.98696682464455e-05, 'epoch': 0.21}
{'loss': 0.6182, 'grad_norm': 2.0468156337738037, 'learning_rate': 1.957345971563981e-05, 'epoch': 0.24}
{'loss': 0.6575, 'grad_norm': 2.995518445968628, 'learning_rate': 1.9277251184834124e-05, 'epoch': 0.27}
{'loss': 0.6495, 'grad_norm': 3.150146484375, 'learning_rate': 1.8981042654028435e-05, 'epoch': 0.29}
{'loss': 0.5893, 'grad_norm': 4.657312393188477, 'learning_rate': 1.868483412322275e-05, 'epoch': 0.32}
{'loss': 0.6657, 'grad_norm': 1.700649380683899, 'learning_rate': 1.8388625592417063e-05, 'epoch': 0.35}
{'loss': 0.5682, 'grad_norm': 1.5341471433639526, 'learning_rate': 1.8092417061611377e-05, 'epoch': 0.37}
{'loss': 0.6129, 'grad_norm': 4.092988014221191, 'learning_rate': 1.7796208530805688e-05, 'epoch': 0.4}
{'loss': 0.6016, 'grad_norm': 5.453847408294678, 'learning_rate': 1.7500000000000002e-05, 'epoch': 0.43}
{'loss': 0.6639, 'grad_norm': 1.1180778741836548, 'learning_rate': 1.7203791469194316e-05, 'epoch': 0.45}
{'loss': 0.5651, 'grad_norm': 5.453780651092529, 'learning_rate': 1.6907582938388627e-05, 'epoch': 0.48}
{'loss': 0.6146, 'grad_norm': 7.366642475128174, 'learning_rate': 1.661137440758294e-05, 'epoch': 0.51}
{'loss': 0.5637, 'grad_norm': 7.441895008087158, 'learning_rate': 1.631516587677725e-05, 'epoch': 0.53}
{'loss': 0.6013, 'grad_norm': 4.011831760406494, 'learning_rate': 1.6018957345971565e-05, 'epoch': 0.56}
{'loss': 0.5707, 'grad_norm': 3.002476930618286, 'learning_rate': 1.572274881516588e-05, 'epoch': 0.59}
{'loss': 0.5871, 'grad_norm': 1.7086399793624878, 'learning_rate': 1.5426540284360194e-05, 'epoch': 0.61}
{'loss': 0.5406, 'grad_norm': 2.091545820236206, 'learning_rate': 1.5130331753554504e-05, 'epoch': 0.64}
{'loss': 0.5687, 'grad_norm': 2.8651344776153564, 'learning_rate': 1.4834123222748817e-05, 'epoch': 0.67}
{'loss': 0.6012, 'grad_norm': 2.7414848804473877, 'learning_rate': 1.4537914691943129e-05, 'epoch': 0.69}
{'loss': 0.6052, 'grad_norm': 2.584984302520752, 'learning_rate': 1.4241706161137443e-05, 'epoch': 0.72}
{'loss': 0.5328, 'grad_norm': 3.1145613193511963, 'learning_rate': 1.3945497630331754e-05, 'epoch': 0.75}
{'loss': 0.5837, 'grad_norm': 3.8123109340667725, 'learning_rate': 1.3649289099526068e-05, 'epoch': 0.77}
{'loss': 0.4878, 'grad_norm': 5.1648688316345215, 'learning_rate': 1.335308056872038e-05, 'epoch': 0.8}
{'loss': 0.5797, 'grad_norm': 4.1221466064453125, 'learning_rate': 1.3056872037914694e-05, 'epoch': 0.83}
{'loss': 0.4515, 'grad_norm': 2.76035213470459, 'learning_rate': 1.2760663507109005e-05, 'epoch': 0.85}
{'loss': 0.653, 'grad_norm': 6.191622734069824, 'learning_rate': 1.2464454976303319e-05, 'epoch': 0.88}
{'loss': 0.4638, 'grad_norm': 1.1931546926498413, 'learning_rate': 1.2168246445497631e-05, 'epoch': 0.91}
{'loss': 0.5582, 'grad_norm': 7.637519836425781, 'learning_rate': 1.1872037914691946e-05, 'epoch': 0.93}
{'loss': 0.4911, 'grad_norm': 4.079010486602783, 'learning_rate': 1.1575829383886256e-05, 'epoch': 0.96}
{'loss': 0.5693, 'grad_norm': 4.023543357849121, 'learning_rate': 1.127962085308057e-05, 'epoch': 0.99}
{'eval_loss': 0.5208478569984436, 'eval_precision': 0.5173824130879345, 'eval_recall': 0.6067146282973621, 'eval_f1': 0.5584988962472406, 'eval_runtime': 31.8896, 'eval_samples_per_second': 50.361, 'eval_steps_per_second': 1.599, 'epoch': 1.0}
{'loss': 0.5196, 'grad_norm': 4.137782096862793, 'learning_rate': 1.0983412322274883e-05, 'epoch': 1.01}
{'loss': 0.5273, 'grad_norm': 4.917718410491943, 'learning_rate': 1.0687203791469197e-05, 'epoch': 1.04}
{'loss': 0.5333, 'grad_norm': 2.3177995681762695, 'learning_rate': 1.0390995260663507e-05, 'epoch': 1.07}
{'loss': 0.5063, 'grad_norm': 11.78445053100586, 'learning_rate': 1.0094786729857822e-05, 'epoch': 1.09}
{'loss': 0.4888, 'grad_norm': 5.484755516052246, 'learning_rate': 9.798578199052134e-06, 'epoch': 1.12}
{'loss': 0.4709, 'grad_norm': 4.698015213012695, 'learning_rate': 9.502369668246446e-06, 'epoch': 1.15}
{'loss': 0.4355, 'grad_norm': 4.160943984985352, 'learning_rate': 9.206161137440759e-06, 'epoch': 1.17}
{'loss': 0.4872, 'grad_norm': 2.371271848678589, 'learning_rate': 8.909952606635071e-06, 'epoch': 1.2}
{'loss': 0.4764, 'grad_norm': 3.080047130584717, 'learning_rate': 8.613744075829385e-06, 'epoch': 1.23}
{'loss': 0.4444, 'grad_norm': 6.763497829437256, 'learning_rate': 8.317535545023698e-06, 'epoch': 1.25}
{'loss': 0.4623, 'grad_norm': 4.015365123748779, 'learning_rate': 8.02132701421801e-06, 'epoch': 1.28}
{'loss': 0.4561, 'grad_norm': 8.208548545837402, 'learning_rate': 7.725118483412322e-06, 'epoch': 1.31}
{'loss': 0.4791, 'grad_norm': 4.064444541931152, 'learning_rate': 7.4289099526066355e-06, 'epoch': 1.33}
{'loss': 0.4457, 'grad_norm': 1.5869172811508179, 'learning_rate': 7.132701421800948e-06, 'epoch': 1.36}
{'loss': 0.4548, 'grad_norm': 3.453763008117676, 'learning_rate': 6.836492890995261e-06, 'epoch': 1.39}
{'loss': 0.4565, 'grad_norm': 5.245683193206787, 'learning_rate': 6.5402843601895735e-06, 'epoch': 1.41}
{'loss': 0.5071, 'grad_norm': 4.2499895095825195, 'learning_rate': 6.244075829383887e-06, 'epoch': 1.44}
{'loss': 0.4546, 'grad_norm': 2.818552017211914, 'learning_rate': 5.947867298578199e-06, 'epoch': 1.47}
{'loss': 0.4101, 'grad_norm': 4.4490227699279785, 'learning_rate': 5.651658767772512e-06, 'epoch': 1.49}
{'loss': 0.4631, 'grad_norm': 9.08122730255127, 'learning_rate': 5.355450236966825e-06, 'epoch': 1.52}
{'loss': 0.4439, 'grad_norm': 4.438835620880127, 'learning_rate': 5.059241706161138e-06, 'epoch': 1.55}
{'loss': 0.4753, 'grad_norm': 7.338476657867432, 'learning_rate': 4.76303317535545e-06, 'epoch': 1.57}
{'loss': 0.4769, 'grad_norm': 4.2962822914123535, 'learning_rate': 4.4668246445497635e-06, 'epoch': 1.6}
{'loss': 0.4777, 'grad_norm': 4.753232479095459, 'learning_rate': 4.170616113744076e-06, 'epoch': 1.63}
{'loss': 0.4667, 'grad_norm': 4.861037254333496, 'learning_rate': 3.874407582938388e-06, 'epoch': 1.65}
{'loss': 0.4707, 'grad_norm': 3.5618209838867188, 'learning_rate': 3.5781990521327015e-06, 'epoch': 1.68}
{'loss': 0.4713, 'grad_norm': 9.236961364746094, 'learning_rate': 3.2819905213270143e-06, 'epoch': 1.71}
{'loss': 0.4626, 'grad_norm': 10.873908996582031, 'learning_rate': 2.985781990521327e-06, 'epoch': 1.73}
{'loss': 0.4504, 'grad_norm': 4.363805770874023, 'learning_rate': 2.68957345971564e-06, 'epoch': 1.76}
{'loss': 0.4477, 'grad_norm': 5.0338053703308105, 'learning_rate': 2.3933649289099527e-06, 'epoch': 1.79}
{'loss': 0.5193, 'grad_norm': 8.151829719543457, 'learning_rate': 2.0971563981042656e-06, 'epoch': 1.81}
{'loss': 0.4826, 'grad_norm': 9.614718437194824, 'learning_rate': 1.8009478672985784e-06, 'epoch': 1.84}
{'loss': 0.4615, 'grad_norm': 9.218031883239746, 'learning_rate': 1.5047393364928912e-06, 'epoch': 1.87}
{'loss': 0.4469, 'grad_norm': 10.328351020812988, 'learning_rate': 1.208530805687204e-06, 'epoch': 1.89}
{'loss': 0.4297, 'grad_norm': 2.835637092590332, 'learning_rate': 9.123222748815167e-07, 'epoch': 1.92}
{'loss': 0.4394, 'grad_norm': 7.4722371101379395, 'learning_rate': 6.161137440758294e-07, 'epoch': 1.95}
{'loss': 0.4152, 'grad_norm': 4.130959987640381, 'learning_rate': 3.1990521327014216e-07, 'epoch': 1.97}
{'loss': 0.4096, 'grad_norm': 2.975773811340332, 'learning_rate': 2.369668246445498e-08, 'epoch': 2.0}
{'eval_loss': 0.48625558614730835, 'eval_precision': 0.5435244161358811, 'eval_recall': 0.6139088729016786, 'eval_f1': 0.5765765765765766, 'eval_runtime': 33.0324, 'eval_samples_per_second': 48.619, 'eval_steps_per_second': 1.544, 'epoch': 2.0}
{'train_runtime': 3528.9366, 'train_samples_per_second': 8.501, 'train_steps_per_second': 0.532, 'train_loss': 0.5338497219889212, 'epoch': 2.0}
DONE. Best model saved to ml/model-v4/best
